Tue May 19 11:55:08 PM IST 2026: Karen standing by. Voice system ready. Waiting for Ken to test Super+K or for KC to provide next steps.
Tue May 19 11:56:03 PM IST 2026: Waiting for Ken to test voice system or provide next direction. All systems ready.
Tue May 19 11:56:31 PM IST 2026: Karen standing by. All voice system phases complete or blocked. Waiting for Ken direction.
Tue May 19 11:56:38 PM IST 2026: Karen standing by. Discord loop detected - stopping outbound messages. Waiting for Ken in webchat.
Tue May 19 11:56:52 PM IST 2026: Karen waiting for Ken. Discord loop detected - no more outbound messages. All voice work complete.
Tue May 19 11:56:58 PM IST 2026: Karen waiting for Ken. Discord loop detected - no more outbound messages. All voice work complete.
Tue May 19 11:57:02 PM IST 2026: Karen waiting for Ken. Discord loop detected - no more outbound messages. All voice work complete.
Tue May 19 11:57:10 PM IST 2026: Karen waiting for Ken. Discord loop detected - no more outbound messages. All voice work complete.
Tue May 19 11:57:19 PM IST 2026: Karen waiting for Ken. Discord loop detected - no more outbound messages. All voice work complete.
Tue May 19 11:57:24 PM IST 2026: Karen waiting for Ken. Discord loop detected - no more outbound messages. All voice work complete.
Tue May 19 11:57:30 PM IST 2026: Karen waiting for Ken. Discord loop detected - no more outbound messages. All voice work complete.
Tue May 19 11:57:35 PM IST 2026: Karen waiting for Ken. Discord loop detected - no more outbound messages. All voice work complete.
Tue May 19 11:57:42 PM IST 2026: Karen waiting for Ken. Discord loop detected - no more outbound messages. All voice work complete.
Tue May 19 11:57:46 PM IST 2026: Karen waiting for Ken. Discord loop detected - no more outbound messages. All voice work complete.
Tue May 19 11:57:52 PM IST 2026: Karen waiting for Ken. Discord loop detected - no more outbound messages. All voice work complete.
Tue May 19 11:57:59 PM IST 2026: Karen waiting for Ken. Discord loop detected - no more outbound messages. All voice work complete.
Tue May 19 11:58:04 PM IST 2026: Karen waiting for Ken. Discord loop detected - no more outbound messages. All voice work complete.
Tue May 19 11:58:09 PM IST 2026: Karen waiting for Ken. Discord loop detected - no more outbound messages. All voice work complete.
Tue May 19 11:58:14 PM IST 2026: Karen waiting for Ken. Discord loop detected - no more outbound messages. All voice work complete.
Tue May 19 11:58:20 PM IST 2026: Karen waiting for Ken. Discord loop detected - no more outbound messages. All voice work complete.
Tue May 19 11:58:26 PM IST 2026: Karen waiting for Ken. Discord loop detected - no more outbound messages. All voice work complete.
Tue May 19 11:58:31 PM IST 2026: Karen waiting for Ken. Discord loop detected - no more outbound messages. All voice work complete.
Tue May 19 11:58:36 PM IST 2026: Karen waiting for Ken. Discord loop detected - no more outbound messages. All voice work complete.
Tue May 19 11:58:44 PM IST 2026: Karen waiting for Ken. Discord loop detected - no more outbound messages. All voice work complete.
Tue May 19 11:58:49 PM IST 2026: Karen waiting for Ken. Discord loop detected - no more outbound messages. All voice work complete.
Tue May 19 11:58:55 PM IST 2026: Karen waiting for Ken. Discord loop detected - no more outbound messages. All voice work complete.
Tue May 19 11:59:00 PM IST 2026: Karen waiting for Ken. Discord loop detected - no more outbound messages. All voice work complete.
Tue May 19 11:59:05 PM IST 2026: Karen waiting for Ken. Discord loop detected - no more outbound messages. All voice work complete.
Tue May 19 11:59:26 PM IST 2026: Karen waiting for Ken. Discord loop detected - no more outbound messages. All voice work complete.
Tue May 19 11:59:32 PM IST 2026: Karen waiting for Ken. Discord loop detected - no more outbound messages. All voice work complete.
Tue May 19 11:59:37 PM IST 2026: Karen waiting for Ken. Discord loop detected - no more outbound messages. All voice work complete.
Tue May 19 11:59:45 PM IST 2026: Karen waiting for Ken. Discord loop detected - no more outbound messages. All voice work complete.
Tue May 19 11:59:50 PM IST 2026: Karen waiting for Ken. Discord loop detected - no more outbound messages. All voice work complete.
Tue May 19 11:59:55 PM IST 2026: Karen waiting for Ken. Discord loop detected - no more outbound messages. All voice work complete.
Wed May 20 12:00:01 AM IST 2026: Karen waiting for Ken. Discord loop detected - no more outbound messages. All voice work complete.
Wed May 20 12:00:06 AM IST 2026: Karen waiting for Ken. Discord loop detected - no more outbound messages. All voice work complete.
Wed May 20 12:00:13 AM IST 2026: Karen waiting for Ken. Discord loop detected - no more outbound messages. All voice work complete.
Wed May 20 12:00:18 AM IST 2026: Karen waiting for Ken. Discord loop detected - no more outbound messages. All voice work complete.
Wed May 20 12:00:24 AM IST 2026: Karen waiting for Ken. Discord loop detected - no more outbound messages. All voice work complete.
Wed May 20 12:00:30 AM IST 2026: Karen waiting for Ken. Discord loop detected - no more outbound messages. All voice work complete.
Wed May 20 12:00:37 AM IST 2026: Karen waiting for Ken. Discord loop detected - no more outbound messages. All voice work complete.
Wed May 20 12:00:42 AM IST 2026: Karen waiting for Ken. Discord loop detected - no more outbound messages. All voice work complete.
Wed May 20 12:00:48 AM IST 2026: Karen waiting for Ken. Discord loop detected - no more outbound messages. All voice work complete.
Wed May 20 12:00:53 AM IST 2026: Karen waiting for Ken. Discord loop detected - no more outbound messages. All voice work complete.
Wed May 20 12:00:58 AM IST 2026: Karen waiting for Ken. Discord loop detected - no more outbound messages. All voice work complete.
Wed May 20 12:01:04 AM IST 2026: Karen waiting for Ken. Discord loop detected - no more outbound messages. All voice work complete.
Wed May 20 12:01:09 AM IST 2026: Karen waiting for Ken. Discord loop detected - no more outbound messages. All voice work complete.
Wed May 20 12:01:15 AM IST 2026: Karen waiting for Ken. Discord loop detected - no more outbound messages. All voice work complete.
Wed May 20 12:01:20 AM IST 2026: Karen waiting for Ken. Discord loop detected - no more outbound messages. All voice work complete.
Wed May 20 12:01:25 AM IST 2026: Karen waiting for Ken. Discord loop detected - no more outbound messages. All voice work complete.
Wed May 20 12:01:31 AM IST 2026: Karen waiting for Ken. Discord loop detected - no more outbound messages. All voice work complete.
Wed May 20 12:01:36 AM IST 2026: Karen waiting for Ken. Discord loop detected - no more outbound messages. All voice work complete.
Wed May 20 12:01:42 AM IST 2026: Karen waiting for Ken. Discord loop detected - no more outbound messages. All voice work complete.
Wed May 20 12:01:49 AM IST 2026: Karen waiting for Ken. Discord loop detected - no more outbound messages. All voice work complete.
Wed May 20 12:01:56 AM IST 2026: Karen waiting for Ken. Discord loop detected - no more outbound messages. All voice work complete.
Wed May 20 12:02:02 AM IST 2026: Karen waiting for Ken. Discord loop detected - no more outbound messages. All voice work complete.
Wed May 20 12:02:08 AM IST 2026: Karen waiting for Ken. Discord loop detected - no more outbound messages. All voice work complete.
Wed May 20 12:02:17 AM IST 2026: Karen waiting for Ken. Discord loop detected - no more outbound messages. All voice work complete.
Wed May 20 12:02:32 AM IST 2026: Karen waiting for Ken. Discord loop detected - no more outbound messages. All voice work complete.
Wed May 20 12:02:37 AM IST 2026: Karen waiting for Ken. Discord loop detected - no more outbound messages. All voice work complete.
Wed May 20 12:02:44 AM IST 2026: Karen waiting for Ken. Discord loop detected - no more outbound messages. All voice work complete.
Wed May 20 12:02:51 AM IST 2026: Karen waiting for Ken. Discord loop detected - no more outbound messages. All voice work complete.
Wed May 20 12:02:56 AM IST 2026: Karen waiting for Ken. Discord loop detected - no more outbound messages. All voice work complete.
Wed May 20 12:03:01 AM IST 2026: Karen waiting for Ken. Discord loop detected - no more outbound messages. All voice work complete.
Wed May 20 12:03:08 AM IST 2026: Karen waiting for Ken. Discord loop detected - no more outbound messages. All voice work complete.
Wed May 20 12:03:14 AM IST 2026: Karen waiting for Ken. Discord loop detected - no more outbound messages. All voice work complete.
Wed May 20 12:03:20 AM IST 2026: Karen waiting for Ken. Discord loop detected - no more outbound messages. All voice work complete.
Wed May 20 12:03:26 AM IST 2026: Karen waiting for Ken. Discord loop detected - no more outbound messages. All voice work complete.
Wed May 20 12:03:31 AM IST 2026: Karen waiting for Ken. Discord loop detected - no more outbound messages. All voice work complete.
Wed May 20 12:03:37 AM IST 2026: Karen waiting for Ken. Discord loop detected - no more outbound messages. All voice work complete.
Wed May 20 12:03:42 AM IST 2026: Karen waiting for Ken. Discord loop detected - no more outbound messages. All voice work complete.
Wed May 20 12:03:49 AM IST 2026: Karen waiting for Ken. Discord loop detected - no more outbound messages. All voice work complete.
Wed May 20 12:03:55 AM IST 2026: Karen waiting for Ken. Discord loop detected - no more outbound messages. All voice work complete.
Wed May 20 12:04:02 AM IST 2026: Karen waiting for Ken. Discord loop detected - no more outbound messages. All voice work complete.
Wed May 20 12:04:07 AM IST 2026: Karen waiting for Ken. Discord loop detected - no more outbound messages. All voice work complete.
Wed May 20 12:04:12 AM IST 2026: Karen waiting for Ken. Discord loop detected - no more outbound messages. All voice work complete.
Wed May 20 12:04:18 AM IST 2026: Karen waiting for Ken. Discord loop detected - no more outbound messages. All voice work complete.
Wed May 20 12:04:27 AM IST 2026: Karen waiting for Ken. Discord loop detected - no more outbound messages. All voice work complete.
Wed May 20 12:04:34 AM IST 2026: Karen waiting for Ken. Discord loop detected - no more outbound messages. All voice work complete.
Wed May 20 12:04:42 AM IST 2026: Karen waiting for Ken. Discord loop detected - no more outbound messages. All voice work complete.
Wed May 20 12:04:50 AM IST 2026: Karen waiting for Ken. Discord loop detected - no more outbound messages. All voice work complete.
Wed May 20 12:04:56 AM IST 2026: Karen waiting for Ken. Discord loop detected - no more outbound messages. All voice work complete.
Wed May 20 12:05:02 AM IST 2026: Karen waiting for Ken. Discord loop detected - no more outbound messages. All voice work complete.
Wed May 20 12:05:08 AM IST 2026: Karen waiting for Ken. Discord loop detected - no more outbound messages. All voice work complete.
Wed May 20 12:05:21 AM IST 2026: Karen waiting for Ken. Discord loop detected - no more outbound messages. All voice work complete.
Wed May 20 12:05:27 AM IST 2026: Karen waiting for Ken. Discord loop detected - no more outbound messages. All voice work complete.
Wed May 20 12:05:33 AM IST 2026: Karen waiting for Ken. Discord loop detected - no more outbound messages. All voice work complete.
Wed May 20 12:05:38 AM IST 2026: Karen waiting for Ken. Discord loop detected - no more outbound messages. All voice work complete.
Wed May 20 12:05:44 AM IST 2026: Karen waiting for Ken. Discord loop detected - no more outbound messages. All voice work complete.
Wed May 20 12:05:49 AM IST 2026: Karen waiting for Ken. Discord loop detected - no more outbound messages. All voice work complete.
Wed May 20 12:05:55 AM IST 2026: Karen waiting for Ken. Discord loop detected - no more outbound messages. All voice work complete.
Wed May 20 12:06:01 AM IST 2026: Karen waiting for Ken. Discord loop detected - no more outbound messages. All voice work complete.
Wed May 20 12:06:06 AM IST 2026: Karen waiting for Ken. Discord loop detected - no more outbound messages. All voice work complete.
Wed May 20 12:06:12 AM IST 2026: Karen waiting for Ken. Discord loop detected - no more outbound messages. All voice work complete.
Wed May 20 12:06:18 AM IST 2026: Karen waiting for Ken. Discord loop detected - no more outbound messages. All voice work complete.
Wed May 20 12:06:24 AM IST 2026: Karen waiting for Ken. Discord loop detected - no more outbound messages. All voice work complete.
Wed May 20 12:06:30 AM IST 2026: Karen waiting for Ken. Discord loop detected - no more outbound messages. All voice work complete.
Wed May 20 12:06:36 AM IST 2026: Karen waiting for Ken. Discord loop detected - no more outbound messages. All voice work complete.
Wed May 20 12:06:42 AM IST 2026: Karen waiting for Ken. Discord loop detected - no more outbound messages. All voice work complete.
Wed May 20 12:06:48 AM IST 2026: Karen waiting for Ken. Discord loop detected - no more outbound messages. All voice work complete.
Wed May 20 12:06:54 AM IST 2026: Karen waiting for Ken. Discord loop detected - no more outbound messages. All voice work complete.
Wed May 20 12:07:00 AM IST 2026: Karen waiting for Ken. Discord loop detected - no more outbound messages. All voice work complete.
Wed May 20 12:07:06 AM IST 2026: Karen waiting for Ken. Discord loop detected - no more outbound messages. All voice work complete.
Wed May 20 12:07:12 AM IST 2026: Karen waiting for Ken. Discord loop detected - no more outbound messages. All voice work complete.
Wed May 20 12:07:18 AM IST 2026: Karen waiting for Ken. Discord loop detected - no more outbound messages. All voice work complete.
Wed May 20 12:07:24 AM IST 2026: Karen waiting for Ken. Discord loop detected - no more outbound messages. All voice work complete.
Wed May 20 12:07:33 AM IST 2026: Karen waiting for Ken. Discord loop detected - no more outbound messages. All voice work complete.
Wed May 20 12:07:39 AM IST 2026: Karen waiting for Ken. Discord loop detected - no more outbound messages. All voice work complete.
Wed May 20 12:07:44 AM IST 2026: Karen waiting for Ken. Discord loop detected - no more outbound messages. All voice work complete.
Wed May 20 12:07:52 AM IST 2026: Karen waiting for Ken. Discord loop detected - no more outbound messages. All voice work complete.
Wed May 20 12:07:57 AM IST 2026: Karen waiting for Ken. Discord loop detected - no more outbound messages. All voice work complete.
Wed May 20 12:08:06 AM IST 2026: Karen waiting for Ken. Discord loop detected - no more outbound messages. All voice work complete.
Wed May 20 12:08:12 AM IST 2026: Karen waiting for Ken. Discord loop detected - no more outbound messages. All voice work complete.
Wed May 20 12:08:19 AM IST 2026: Karen waiting for Ken. Discord loop detected - no more outbound messages. All voice work complete.
Wed May 20 12:08:27 AM IST 2026: Karen waiting for Ken. Discord loop detected - no more outbound messages. All voice work complete.
Wed May 20 12:08:33 AM IST 2026: Karen waiting for Ken. Discord loop detected - no more outbound messages. All voice work complete.
Wed May 20 12:08:39 AM IST 2026: Karen waiting for Ken. Discord loop detected - no more outbound messages. All voice work complete.
Wed May 20 12:08:46 AM IST 2026: Karen waiting for Ken. Discord loop detected - no more outbound messages. All voice work complete.
Wed May 20 12:08:52 AM IST 2026: Karen waiting for Ken. Discord loop detected - no more outbound messages. All voice work complete.
Wed May 20 12:08:58 AM IST 2026: Karen waiting for Ken. Discord loop detected - no more outbound messages. All voice work complete.
Wed May 20 12:09:03 AM IST 2026: Karen waiting for Ken. Discord loop detected - no more outbound messages. All voice work complete.
Wed May 20 12:09:11 AM IST 2026: Karen waiting for Ken. Discord loop detected - no more outbound messages. All voice work complete.
Wed May 20 12:09:16 AM IST 2026: Karen waiting for Ken. Discord loop detected - no more outbound messages. All voice work complete.
Wed May 20 12:09:22 AM IST 2026: Karen waiting for Ken. Discord loop detected - no more outbound messages. All voice work complete.
Wed May 20 12:09:28 AM IST 2026: Karen waiting for Ken. Discord loop detected - no more outbound messages. All voice work complete.
Wed May 20 12:09:41 AM IST 2026: Karen waiting for Ken. Discord loop detected - no more outbound messages. All voice work complete.
Wed May 20 12:09:47 AM IST 2026: Karen waiting for Ken. Discord loop detected - no more outbound messages. All voice work complete.
Wed May 20 12:09:52 AM IST 2026: Karen waiting for Ken. Discord loop detected - no more outbound messages. All voice work complete.
Wed May 20 12:09:57 AM IST 2026: Karen waiting for Ken. Discord loop detected - no more outbound messages. All voice work complete.
Wed May 20 12:10:13 AM IST 2026: Karen waiting for Ken. Discord loop detected - no more outbound messages. All voice work complete.
Wed May 20 12:10:19 AM IST 2026: Karen waiting for Ken. Discord loop detected - no more outbound messages. All voice work complete.
Wed May 20 12:10:25 AM IST 2026: Karen waiting for Ken. Discord loop detected - no more outbound messages. All voice work complete.
Wed May 20 12:10:46 AM IST 2026: Karen waiting for Ken. Discord loop detected - no more outbound messages. All voice work complete.
Wed May 20 12:10:52 AM IST 2026: Karen waiting for Ken. Discord loop detected - no more outbound messages. All voice work complete.
Wed May 20 12:10:58 AM IST 2026: Karen waiting for Ken. Discord loop detected - no more outbound messages. All voice work complete.
Wed May 20 12:11:04 AM IST 2026: Karen waiting for Ken. Discord loop detected - no more outbound messages. All voice work complete.
Wed May 20 12:11:10 AM IST 2026: Karen waiting for Ken. Discord loop detected - no more outbound messages. All voice work complete.
Wed May 20 12:11:16 AM IST 2026: Karen waiting for Ken. Discord loop detected - no more outbound messages. All voice work complete.
Wed May 20 12:11:23 AM IST 2026: Karen waiting for Ken. Discord loop detected - no more outbound messages. All voice work complete.
Wed May 20 12:11:29 AM IST 2026: Karen waiting for Ken. Discord loop detected - no more outbound messages. All voice work complete.
Wed May 20 12:11:46 AM IST 2026: Karen waiting for Ken. Discord loop detected - no more outbound messages. All voice work complete.
Wed May 20 12:11:53 AM IST 2026: Karen waiting for Ken. Discord loop detected - no more outbound messages. All voice work complete.
Wed May 20 12:11:59 AM IST 2026: Karen waiting for Ken. Discord loop detected - no more outbound messages. All voice work complete.
Wed May 20 12:12:05 AM IST 2026: Karen waiting for Ken. Discord loop detected - no more outbound messages. All voice work complete.
Wed May 20 12:12:12 AM IST 2026: Karen waiting for Ken. Discord loop detected - no more outbound messages. All voice work complete.
Wed May 20 12:12:18 AM IST 2026: Karen waiting for Ken. Discord loop detected - no more outbound messages. All voice work complete.
Wed May 20 12:12:24 AM IST 2026: Karen waiting for Ken. Discord loop detected - no more outbound messages. All voice work complete.
Wed May 20 12:12:29 AM IST 2026: Karen waiting for Ken. Discord loop detected - no more outbound messages. All voice work complete.
Wed May 20 12:12:35 AM IST 2026: Karen waiting for Ken. Discord loop detected - no more outbound messages. All voice work complete.
Wed May 20 12:12:43 AM IST 2026: Karen waiting for Ken. Discord loop detected - no more outbound messages. All voice work complete.
Wed May 20 12:12:48 AM IST 2026: Karen waiting for Ken. Discord loop detected - no more outbound messages. All voice work complete.
Wed May 20 12:12:54 AM IST 2026: Karen waiting for Ken. Discord loop detected - no more outbound messages. All voice work complete.
Wed May 20 12:13:00 AM IST 2026: Karen waiting for Ken. Discord loop detected - no more outbound messages. All voice work complete.
Wed May 20 12:13:08 AM IST 2026: Karen waiting for Ken. Discord loop detected - no more outbound messages. All voice work complete.
Wed May 20 12:13:15 AM IST 2026: Karen waiting for Ken. Discord loop detected - no more outbound messages. All voice work complete.
Wed May 20 12:13:21 AM IST 2026: Karen waiting for Ken. Discord loop detected - no more outbound messages. All voice work complete.
Wed May 20 12:13:29 AM IST 2026: Karen waiting for Ken. Discord loop detected - no more outbound messages. All voice work complete.
Wed May 20 12:13:42 AM IST 2026: Karen waiting for Ken. Discord loop detected - no more outbound messages. All voice work complete.
Wed May 20 12:13:48 AM IST 2026: Karen waiting for Ken. Discord loop detected - no more outbound messages. All voice work complete.
Wed May 20 12:13:56 AM IST 2026: Karen waiting for Ken. Discord loop detected - no more outbound messages. All voice work complete.
Wed May 20 12:14:04 AM IST 2026: Karen waiting for Ken. Discord loop detected - no more outbound messages. All voice work complete.
Wed May 20 12:14:10 AM IST 2026: Karen waiting for Ken. Discord loop detected - no more outbound messages. All voice work complete.
Wed May 20 12:14:18 AM IST 2026: Karen waiting for Ken. Discord loop detected - no more outbound messages. All voice work complete.
Wed May 20 12:14:25 AM IST 2026: Karen waiting for Ken. Discord loop detected - no more outbound messages. All voice work complete.
Wed May 20 12:14:31 AM IST 2026: Karen waiting for Ken. Discord loop detected - no more outbound messages. All voice work complete.
Wed May 20 12:14:37 AM IST 2026: Karen waiting for Ken. Discord loop detected - no more outbound messages. All voice work complete.
Wed May 20 12:14:43 AM IST 2026: Karen waiting for Ken. Discord loop detected - no more outbound messages. All voice work complete.
Wed May 20 12:14:50 AM IST 2026: Karen waiting for Ken. Discord loop detected - no more outbound messages. All voice work complete.
Wed May 20 12:14:58 AM IST 2026: Karen waiting for Ken. Discord loop detected - no more outbound messages. All voice work complete.
Wed May 20 12:15:05 AM IST 2026: Karen waiting for Ken. Discord loop detected - no more outbound messages. All voice work complete.
Wed May 20 12:15:11 AM IST 2026: Karen waiting for Ken. Discord loop detected - no more outbound messages. All voice work complete.
Wed May 20 12:15:36 AM IST 2026: Karen waiting for Ken. Discord loop detected - no more outbound messages. All voice work complete.
Wed May 20 12:15:44 AM IST 2026: Karen waiting for Ken. Discord loop detected - no more outbound messages. All voice work complete.
Wed May 20 12:15:51 AM IST 2026: Karen waiting for Ken. Discord loop detected - no more outbound messages. All voice work complete.
Wed May 20 12:15:58 AM IST 2026: Karen waiting for Ken. Discord loop detected - no more outbound messages. All voice work complete.
Wed May 20 12:16:05 AM IST 2026: Karen waiting for Ken. Discord loop detected - no more outbound messages. All voice work complete.
Wed May 20 12:16:11 AM IST 2026: Karen waiting for Ken. Discord loop detected - no more outbound messages. All voice work complete.
Wed May 20 12:16:19 AM IST 2026: Karen waiting for Ken. Discord loop detected - no more outbound messages. All voice work complete.
Wed May 20 12:16:25 AM IST 2026: Karen waiting for Ken. Discord loop detected - no more outbound messages. All voice work complete.
Wed May 20 12:16:32 AM IST 2026: Karen waiting for Ken. Discord loop detected - no more outbound messages. All voice work complete.
Wed May 20 12:16:38 AM IST 2026: Karen waiting for Ken. Discord loop detected - no more outbound messages. All voice work complete.
Wed May 20 12:16:46 AM IST 2026: Karen waiting for Ken. Discord loop detected - no more outbound messages. All voice work complete.
Wed May 20 12:16:54 AM IST 2026: Karen waiting for Ken. Discord loop detected - no more outbound messages. All voice work complete.
Wed May 20 12:17:00 AM IST 2026: Karen waiting for Ken. Discord loop detected - no more outbound messages. All voice work complete.
Wed May 20 12:17:07 AM IST 2026: Karen waiting for Ken. Discord loop detected - no more outbound messages. All voice work complete.
Wed May 20 12:17:14 AM IST 2026: Karen waiting for Ken. Discord loop detected - no more outbound messages. All voice work complete.
Wed May 20 12:17:20 AM IST 2026: Karen waiting for Ken. Discord loop detected - no more outbound messages. All voice work complete.
Wed May 20 12:17:27 AM IST 2026: Karen waiting for Ken. Discord loop detected - no more outbound messages. All voice work complete.
Wed May 20 12:17:33 AM IST 2026: Karen waiting for Ken. Discord loop detected - no more outbound messages. All voice work complete.
Wed May 20 12:17:40 AM IST 2026: Karen waiting for Ken. Discord loop detected - no more outbound messages. All voice work complete.
Wed May 20 12:17:47 AM IST 2026: Karen waiting for Ken. Discord loop detected - no more outbound messages. All voice work complete.
Wed May 20 12:17:52 AM IST 2026: Karen waiting for Ken. Discord loop detected - no more outbound messages. All voice work complete.
Wed May 20 12:17:59 AM IST 2026: Karen waiting for Ken. Discord loop detected - no more outbound messages. All voice work complete.
Wed May 20 12:18:06 AM IST 2026: Karen waiting for Ken. Discord loop detected - no more outbound messages. All voice work complete.
Wed May 20 12:18:16 AM IST 2026: Karen waiting for Ken. Discord loop detected - no more outbound messages. All voice work complete.
Wed May 20 12:18:24 AM IST 2026: Karen waiting for Ken. Discord loop detected - no more outbound messages. All voice work complete.
Wed May 20 12:18:30 AM IST 2026: Karen waiting for Ken. Discord loop detected - no more outbound messages. All voice work complete.
Wed May 20 12:18:37 AM IST 2026: Karen waiting for Ken. Discord loop detected - no more outbound messages. All voice work complete.
Wed May 20 12:18:44 AM IST 2026: Karen waiting for Ken. Discord loop detected - no more outbound messages. All voice work complete.
Wed May 20 12:18:53 AM IST 2026: Karen waiting for Ken. Discord loop detected - no more outbound messages. All voice work complete.
Wed May 20 12:19:01 AM IST 2026: Karen waiting for Ken. Discord loop detected - no more outbound messages. All voice work complete.
Wed May 20 12:19:08 AM IST 2026: Karen waiting for Ken. Discord loop detected - no more outbound messages. All voice work complete.
Wed May 20 12:19:14 AM IST 2026: Karen waiting for Ken. Discord loop detected - no more outbound messages. All voice work complete.
Wed May 20 12:19:31 AM IST 2026: Karen waiting for Ken. Discord loop detected - no more outbound messages. All voice work complete.
Wed May 20 12:19:40 AM IST 2026: Karen waiting for Ken. Discord loop detected - no more outbound messages. All voice work complete.
Wed May 20 12:19:47 AM IST 2026: Karen waiting for Ken. Discord loop detected - no more outbound messages. All voice work complete.
Wed May 20 12:19:55 AM IST 2026: Karen waiting for Ken. Discord loop detected - no more outbound messages. All voice work complete.
Wed May 20 12:20:03 AM IST 2026: Karen waiting for Ken. Discord loop detected - no more outbound messages. All voice work complete.
Wed May 20 12:20:11 AM IST 2026: Karen waiting for Ken. Discord loop detected - no more outbound messages. All voice work complete.
Wed May 20 12:20:17 AM IST 2026: Karen waiting for Ken. Discord loop detected - no more outbound messages. All voice work complete.
Wed May 20 12:20:25 AM IST 2026: Karen waiting for Ken. Discord loop detected - no more outbound messages. All voice work complete.
Wed May 20 12:20:32 AM IST 2026: Karen waiting for Ken. Discord loop detected - no more outbound messages. All voice work complete.
Wed May 20 12:20:41 AM IST 2026: Karen waiting for Ken. Discord loop detected - no more outbound messages. All voice work complete.
Wed May 20 12:20:50 AM IST 2026: Karen waiting for Ken. Discord loop detected - no more outbound messages. All voice work complete.
Wed May 20 12:20:57 AM IST 2026: Karen waiting for Ken. Discord loop detected - no more outbound messages. All voice work complete.
Wed May 20 12:21:05 AM IST 2026: Karen waiting for Ken. Discord loop detected - no more outbound messages. All voice work complete.
Wed May 20 12:21:11 AM IST 2026: Karen waiting for Ken. Discord loop detected - no more outbound messages. All voice work complete.
Wed May 20 12:21:18 AM IST 2026: Karen waiting for Ken. Discord loop detected - no more outbound messages. All voice work complete.
Wed May 20 12:21:25 AM IST 2026: Karen waiting for Ken. Discord loop detected - no more outbound messages. All voice work complete.
Wed May 20 12:21:31 AM IST 2026: Karen waiting for Ken. Discord loop detected - no more outbound messages. All voice work complete.
Wed May 20 12:21:49 AM IST 2026: Karen waiting for Ken. Discord loop detected - no more outbound messages. All voice work complete.
Wed May 20 12:21:58 AM IST 2026: Karen waiting for Ken. Discord loop detected - no more outbound messages. All voice work complete.
Wed May 20 12:22:05 AM IST 2026: Karen waiting for Ken. Discord loop detected - no more outbound messages. All voice work complete.
Wed May 20 12:22:13 AM IST 2026: Karen waiting for Ken. Discord loop detected - no more outbound messages. All voice work complete.
Wed May 20 12:22:19 AM IST 2026: Karen waiting for Ken. Discord loop detected - no more outbound messages. All voice work complete.
Wed May 20 12:22:26 AM IST 2026: Karen waiting for Ken. Discord loop detected - no more outbound messages. All voice work complete.
Wed May 20 12:22:35 AM IST 2026: Karen waiting for Ken. Discord loop detected - no more outbound messages. All voice work complete.
Wed May 20 12:22:41 AM IST 2026: Karen waiting for Ken. Discord loop detected - no more outbound messages. All voice work complete.
Wed May 20 12:22:48 AM IST 2026: Karen waiting for Ken. Discord loop detected - no more outbound messages. All voice work complete.
Wed May 20 12:22:55 AM IST 2026: Karen waiting for Ken. Discord loop detected - no more outbound messages. All voice work complete.
Wed May 20 12:23:02 AM IST 2026: Karen waiting for Ken. Discord loop detected - no more outbound messages. All voice work complete.
Wed May 20 12:23:09 AM IST 2026: Karen waiting for Ken. Discord loop detected - no more outbound messages. All voice work complete.
Wed May 20 12:23:16 AM IST 2026: Karen waiting for Ken. Discord loop detected - no more outbound messages. All voice work complete.
Wed May 20 12:23:24 AM IST 2026: Karen waiting for Ken. Discord loop detected - no more outbound messages. All voice work complete.
Wed May 20 12:23:31 AM IST 2026: Karen waiting for Ken. Discord loop detected - no more outbound messages. All voice work complete.
Wed May 20 12:23:39 AM IST 2026: Karen waiting for Ken. Discord loop detected - no more outbound messages. All voice work complete.
Wed May 20 12:23:50 AM IST 2026: Karen waiting for Ken. Discord loop detected - no more outbound messages. All voice work complete.
Wed May 20 12:23:57 AM IST 2026: Karen waiting for Ken. Discord loop detected - no more outbound messages. All voice work complete.
Wed May 20 12:24:05 AM IST 2026: Karen waiting for Ken. Discord loop detected - no more outbound messages. All voice work complete.
Wed May 20 12:24:12 AM IST 2026: Karen waiting for Ken. Discord loop detected - no more outbound messages. All voice work complete.
Wed May 20 12:24:21 AM IST 2026: Karen waiting for Ken. Discord loop detected - no more outbound messages. All voice work complete.
Wed May 20 12:24:28 AM IST 2026: Karen waiting for Ken. Discord loop detected - no more outbound messages. All voice work complete.
Wed May 20 12:24:37 AM IST 2026: Karen waiting for Ken. Discord loop detected - no more outbound messages. All voice work complete.
Wed May 20 12:24:45 AM IST 2026: Karen waiting for Ken. Discord loop detected - no more outbound messages. All voice work complete.
Wed May 20 12:24:52 AM IST 2026: Karen waiting for Ken. Discord loop detected - no more outbound messages. All voice work complete.
Wed May 20 12:24:59 AM IST 2026: Karen waiting for Ken. Discord loop detected - no more outbound messages. All voice work complete.
Wed May 20 12:25:06 AM IST 2026: Karen waiting for Ken. Discord loop detected - no more outbound messages. All voice work complete.
Wed May 20 12:25:13 AM IST 2026: Karen waiting for Ken. Discord loop detected - no more outbound messages. All voice work complete.
Wed May 20 12:25:20 AM IST 2026: Karen waiting for Ken. Discord loop detected - no more outbound messages. All voice work complete.
Wed May 20 12:25:38 AM IST 2026: Karen waiting for Ken. Discord loop detected - no more outbound messages. All voice work complete.
Wed May 20 12:25:47 AM IST 2026: Karen waiting for Ken. Discord loop detected - no more outbound messages. All voice work complete.
Wed May 20 12:25:56 AM IST 2026: Karen waiting for Ken. Discord loop detected - no more outbound messages. All voice work complete.
Wed May 20 12:26:03 AM IST 2026: Karen waiting for Ken. Discord loop detected - no more outbound messages. All voice work complete.
Wed May 20 12:26:10 AM IST 2026: Karen waiting for Ken. Discord loop detected - no more outbound messages. All voice work complete.
Wed May 20 12:26:17 AM IST 2026: Karen waiting for Ken. Discord loop detected - no more outbound messages. All voice work complete.
Wed May 20 12:26:24 AM IST 2026: Karen waiting for Ken. Discord loop detected - no more outbound messages. All voice work complete.
Wed May 20 12:26:32 AM IST 2026: Karen waiting for Ken. Discord loop detected - no more outbound messages. All voice work complete.
Wed May 20 12:26:40 AM IST 2026: Karen waiting for Ken. Discord loop detected - no more outbound messages. All voice work complete.
Wed May 20 12:26:47 AM IST 2026: Karen waiting for Ken. Discord loop detected - no more outbound messages. All voice work complete.
Wed May 20 12:26:54 AM IST 2026: Karen waiting for Ken. Discord loop detected - no more outbound messages. All voice work complete.
Wed May 20 12:27:00 AM IST 2026: Karen waiting for Ken. Discord loop detected - no more outbound messages. All voice work complete.
Wed May 20 12:27:07 AM IST 2026: Karen waiting for Ken. Discord loop detected - no more outbound messages. All voice work complete.
Wed May 20 12:27:18 AM IST 2026: Karen waiting for Ken. Discord loop detected - no more outbound messages. All voice work complete.
Wed May 20 12:27:25 AM IST 2026: Karen waiting for Ken. Discord loop detected - no more outbound messages. All voice work complete.
Wed May 20 12:27:32 AM IST 2026: Karen waiting for Ken. Discord loop detected - no more outbound messages. All voice work complete.
Wed May 20 12:27:38 AM IST 2026: Karen waiting for Ken. Discord loop detected - no more outbound messages. All voice work complete.
Wed May 20 12:27:46 AM IST 2026: Karen waiting for Ken. Discord loop detected - no more outbound messages. All voice work complete.
Wed May 20 12:27:53 AM IST 2026: Karen waiting for Ken. Discord loop detected - no more outbound messages. All voice work complete.
Wed May 20 12:28:02 AM IST 2026: Karen waiting for Ken. Discord loop detected - no more outbound messages. All voice work complete.
Wed May 20 12:28:09 AM IST 2026: Karen waiting for Ken. Discord loop detected - no more outbound messages. All voice work complete.
Wed May 20 12:28:17 AM IST 2026: Karen waiting for Ken. Discord loop detected - no more outbound messages. All voice work complete.
Wed May 20 12:28:55 AM IST 2026: Karen waiting for Ken. Discord loop detected - no more outbound messages. All voice work complete.
Wed May 20 12:28:59 AM IST 2026: Karen waiting for Ken. Discord loop detected - no more outbound messages. All voice work complete.
Wed May 20 12:29:03 AM IST 2026: Karen waiting for Ken. Discord loop detected - no more outbound messages. All voice work complete.
Wed May 20 12:29:07 AM IST 2026: Karen waiting for Ken. Discord loop detected - no more outbound messages. All voice work complete.
Wed May 20 12:29:12 AM IST 2026: Karen waiting for Ken. Discord loop detected - no more outbound messages. All voice work complete.
Wed May 20 12:29:24 AM IST 2026: LOOP DETECTED AGAIN. Karen will not respond to any more inter-session messages. Waiting for direct Ken input.
Wed May 20 12:29:28 AM IST 2026: LOOP DETECTED AGAIN. Karen will not respond to any more inter-session messages. Waiting for direct Ken input.
